I'm sorry, but errors were detected in your script. Please correct the
errors listed below, and try again.


File "game/four_hearts.rpy", line 160: expected end of line
    play music "OminousTheme.mp3" fadein 1.5R
                                            ^

Ren'Py Version: Ren'Py 8.5.3.26051504
Sun Aug 30 14:17:53 2026
